[Licensing::Module] Trying to connect to existing licensing client channel...
Built from '6000.5/staging' branch; Version is '6000.5.7f1 (017862109af0) revision 96354'; Using compiler version '194234433'; Build Type 'Release'
[Licensing::IpcConnector] Channel LicenseClient-engmh doesn't exist
OS: 'Windows 11  (10.0.26200) Professional' Language: 'en' Physical Memory: 32368 MB
BatchMode: 1, IsHumanControllingUs: 0, StartBugReporterOnCrash: 0, Is64bit: 1
System  architecture: x64
Process architecture: x64
Date: 2026-09-03T22:24:39Z
[Licensing::Module] Successfully launched the LicensingClient (PId: 17344)

COMMAND LINE ARGUMENTS:
D:\Program Files\Editor\6000.5.7f1\Editor\Unity.exe
-batchmode
-projectPath
D:\game\game-client
-buildTarget
WebGL
-executeMethod
QuizBattle.EditorTools.Graphics.WebGLBuildCheck.Run
-quit
-logFile
D:\game\unity-webgl-build.log
Successfully changed project path to: D:\game\game-client
D:/game/game-client
[UnityMemory] Configuration Parameters - Can be set up in boot.config
    "memorysetup-temp-allocator-size-gi-baking-worker=262144"
    "memorysetup-temp-allocator-size-gi-baking-worker=262144"
    "memorysetup-temp-allocator-size-gi-baking-worker=262144"
    "memorysetup-temp-allocator-size-gi-baking-worker=262144"
    "memorysetup-temp-allocator-size-gi-baking-worker=262144"
    "memorysetup-temp-allocator-size-nav-mesh-worker=65536"
    "memorysetup-temp-allocator-size-audio-worker=65536"
    "memorysetup-temp-allocator-size-cloud-worker=32768"
    "memorysetup-temp-allocator-size-gfx=262144"
    "memorysetup-temp-allocator-size-preload-manager=33554432"
    "memorysetup-allocator-temp-initial-block-size-main=262144"
    "memorysetup-allocator-temp-initial-block-size-worker=262144"
    "memorysetup-temp-allocator-size-job-worker=262144"
    "memorysetup-temp-allocator-size-background-worker=32768"
    "memorysetup-bucket-allocator-granularity=16"
    "memorysetup-bucket-allocator-bucket-count=8"
    "memorysetup-bucket-allocator-block-size=33554432"
    "memorysetup-bucket-allocator-block-count=8"
    "memorysetup-main-allocator-block-size=16777216"
    "memorysetup-thread-allocator-block-size=16777216"
    "memorysetup-main-allocator-mimalloc-enabled=0"
    "memorysetup-gfx-main-allocator-block-size=16777216"
    "memorysetup-gfx-thread-allocator-block-size=16777216"
    "memorysetup-cache-allocator-block-size=4194304"
    "memorysetup-typetree-allocator-block-size=2097152"
    "memorysetup-profiler-bucket-allocator-granularity=16"
    "memorysetup-profiler-bucket-allocator-bucket-count=8"
    "memorysetup-profiler-bucket-allocator-block-size=33554432"
    "memorysetup-profiler-bucket-allocator-block-count=8"
    "memorysetup-profiler-allocator-block-size=16777216"
    "memorysetup-profiler-editor-allocator-block-size=1048576"
    "memorysetup-temp-allocator-size-main=16777216"
    "memorysetup-job-temp-allocator-block-size=2097152"
    "memorysetup-job-temp-allocator-block-size-background=1048576"
    "memorysetup-job-temp-allocator-reduction-small-platforms=262144"
Logging is directed to a specific file, skipping project log.Player connection [11700]  Target information:

Player connection [11700]  * "[IP] 10.0.0.111 [Port] 55504 [Flags] 2 [Guid] 2876962506 [EditorId] 2876962506 [Version] 1048832 [Id] WindowsEditor(7,DESKTOP-VJHN5MG) [Debug] 1 [PackageName] WindowsEditor [ProjectName] Editor" 

Player connection [11700] Host joined multi-casting on [225.0.0.222:54997]...
Player connection [11700] Host joined alternative multi-casting on [225.0.0.222:34997]...
Input System module state changed to: Initialized.
[Physics::Module] Initialized fallback backend.
[Physics::Module] Id: 0xdecafbad
[Licensing::IpcConnector] Successfully connected to: "LicenseClient-engmh" at "2026-09-03T22:24:40.7349119Z"
[Licensing::Client] Code 10 while verifying Licensing Client signature (process Id: 17344, path: "D:/Program Files/Editor/6000.5.7f1/Editor/Data/Resources/Licensing/Client/Unity.Licensing.Client.exe")
[Licensing::Module] LicensingClient has failed validation; ignoring
[Licensing::Client] Handshaking with LicensingClient:
  Version:                 1.18.1+9fbee8e
  Session Id:              66ff0d78eca14eceae93dee538fc378e
  Correlation Id:          42ce8f62527aeb2842751790e1b2c610
  External correlation Id: 1088938912514482308
  Machine Id:              BvCvD9V+nLWzZG/D2RgCqRIYhiE=
[Licensing::Module] Successfully connected to LicensingClient on channel: "LicenseClient-engmh" (connect: 0.85s, validation: 0.15s, handshake: 0.11s)
[Licensing::IpcConnector] Successfully connected to: "LicenseClient-engmh-notifications" at "2026-09-03T22:24:41.0009013Z"
[Licensing::Module] Connected to LicensingClient (PId: 17344, launch time: 0.01, total connection time: 1.12s)
[Licensing::Module] Error: Access token is unavailable; failed to update
[Licensing::Client] Successfully resolved entitlement details
[Licensing::Module] License group:
  Id: 3574445819494-UnityPersXXXX
  Product: Unity Personal
  Type: Assigned
  Expiration: Unlimited
[Licensing::Client] Successfully updated license, isAsync: True, time: 0.03
[Licensing::Client] Successfully resolved entitlement details
[Licensing::Module] Licensing Background thread has ended after 1.24s
[Package Manager] Connected to IPC stream "Upm-5864" after 0.7 seconds.
[Licensing::Client] Successfully resolved entitlement details
Library Redirect Path: Library/
[Physics::Module] Selected backend.
[Physics::Module] Name: PhysX
[Physics::Module] Id: 0xf2b8ea05
[Physics::Module] SDK Version: 4.1.2
[Physics::Module] Integration Version: 1.0.0
[Physics::Module] Threading Mode: Multi-Threaded
Targeting platform: WebGL
Initialize engine version: 6000.5.7f1 (017862109af0)
[Subsystems] Discovering subsystems at path D:/Program Files/Editor/6000.5.7f1/Editor/Data/Resources/UnitySubsystems
[Subsystems] Discovering subsystems at path D:/game/game-client/Assets
GfxDevice: creating device client; kGfxThreadingModeNonThreaded
d3d12: failed to query info queue interface (0x80004002).
Direct3D:
    Version:         Direct3D 12 [level 12.1]
    Renderer:        Intel(R) UHD Graphics (ID=0x9bca)
    Vendor:          Intel
    VRAM:            16184 MB
    App VRAM Budget: 15416 MB
    Driver:          31.0.101.2135
    Unified Memory Architecture
    Cache Coherent UMA
Initialize mono
Mono path[0] = 'D:/Program Files/Editor/6000.5.7f1/Editor/Data/Managed'
Mono path[1] = 'D:/Program Files/Editor/6000.5.7f1/Editor/Data/BCLExtensions/runtime/netstandard2.1'
Mono path[2] = 'D:/Program Files/Editor/6000.5.7f1/Editor/Data/MonoBleedingEdge/lib/mono/unityjit-win32'
Mono config path = 'D:/Program Files/Editor/6000.5.7f1/Editor/Data/MonoBleedingEdge/etc'
Using monoOptions --debugger-agent=transport=dt_socket,embedding=1,server=y,suspend=n,address=127.0.0.1:56864
CodeReloadManager initialized
ImportWorker Server TCP listen port: 0
AcceleratorClientConnectionCallback - disconnected - :0
Begin MonoManager ReloadAssembly
Registering precompiled unity dll's ...
Register platform support module: D:/Program Files/Editor/6000.5.7f1/Editor/Data/PlaybackEngines/WebGLSupport/UnityEditor.WebGL.Extensions.dll
Register platform support module: D:/Program Files/Editor/6000.5.7f1/Editor/Data/PlaybackEngines/WindowsStandaloneSupport/UnityEditor.WindowsStandalone.Extensions.dll
[Licensing::Client] Successfully resolved entitlement details
Register platform support module: D:/Program Files/Editor/6000.5.7f1/Editor/Data/PlaybackEngines/MetroSupport/UnityEditor.UWP.Extensions.dll
[Licensing::Client] Successfully resolved entitlement details
Register platform support module: D:/Program Files/Editor/6000.5.7f1/Editor/Data/PlaybackEngines/AndroidPlayer/UnityEditor.Android.Extensions.dll
Registered in 0.011990 seconds.
Native extension for Android target not found
Native extension for UWP target not found
Native extension for WindowsStandalone target not found
Native extension for WebGL target not found
Package Manager log level set to [2]
ScheduleIndexationOnStartup MainProcess:False IndexOnStartup:True
Mono: successfully reloaded assembly
- Finished resetting the current domain, in  1.360 seconds
Domain Reload Profiling: 2745ms
	BeginReloadAssembly (258ms)
		CreateAndSetChildDomain (16ms)
	RebuildCommonClasses (10ms)
	RebuildNativeTypeToScriptingClass (41ms)
	initialDomainReloadingComplete (138ms)
	LoadAllAssembliesAndSetupDomain (931ms)
		LoadAssemblies (243ms)
		AnalyzeDomain (664ms)
			TypeCache.Refresh (659ms)
				TypeCache.ScanAssembly (614ms)
	FinalizeReload (1367ms)
		SetupLoadedEditorAssemblies (0ms)
			InitializePlatformSupportModulesInManaged (162ms)
			BeforeProcessingInitializeOnLoad (347ms)
			ProcessInitializeOnLoadAttributes (324ms)
			ProcessInitializeOnLoadMethodAttributes (291ms)
[Licensing::Client] Successfully resolved entitlement details
Application.AssetDatabase Initial Refresh Start
[Package Manager] Restoring resolved packages state from cache
[Licensing::Client] Successfully resolved entitlement details
[Package Manager] Registered 54 packages:
  Packages from [https://packages.unity.com]:
    com.unity.nuget.newtonsoft-json@3.2.1 (location: D:\game\game-client\Library\PackageCache\com.unity.nuget.newtonsoft-json@74deb55db2a0)
    com.unity.postprocessing@3.5.4 (location: D:\game\game-client\Library\PackageCache\com.unity.postprocessing@141166b789e3)
    com.unity.searcher@4.9.4 (location: D:\game\game-client\Library\PackageCache\com.unity.searcher@d45a78918735)
    com.unity.burst@1.8.30 (location: D:\game\game-client\Library\PackageCache\com.unity.burst@2f3d916873ea)
    com.unity.nuget.mono-cecil@1.11.6 (location: D:\game\game-client\Library\PackageCache\com.unity.nuget.mono-cecil@ecb9724e46ff)
    com.unity.test-framework.performance@3.5.0 (location: D:\game\game-client\Library\PackageCache\com.unity.test-framework.performance@8b56083ec0f0)
  Built-in packages:
    com.unity.multiplayer.center@1.0.1 (location: D:\game\game-client\Library\PackageCache\com.unity.multiplayer.center@b860850997d0)
    com.unity.render-pipelines.universal@17.5.0 (location: D:\game\game-client\Library\PackageCache\com.unity.render-pipelines.universal@73b4c4ff130e)
    com.unity.test-framework@1.7.0 (location: D:\game\game-client\Library\PackageCache\com.unity.test-framework@1405238725ab)
    com.unity.textmeshpro@5.0.0 (location: D:\game\game-client\Library\PackageCache\com.unity.textmeshpro@53f43edfd2e0)
    com.unity.modules.accessibility@1.0.0 (location: D:\game\game-client\Library\PackageCache\com.unity.modules.accessibility)
    com.unity.modules.adaptiveperformance@1.0.0 (location: D:\game\game-client\Library\PackageCache\com.unity.modules.adaptiveperformance)
    com.unity.modules.ai@1.0.0 (location: D:\game\game-client\Library\PackageCache\com.unity.modules.ai)
    com.unity.modules.androidjni@1.0.0 (location: D:\game\game-client\Library\PackageCache\com.unity.modules.androidjni)
    com.unity.modules.animation@1.0.0 (location: D:\game\game-client\Library\PackageCache\com.unity.modules.animation)
    com.unity.modules.assetbundle@1.0.0 (location: D:\game\game-client\Library\PackageCache\com.unity.modules.assetbundle)
    com.unity.modules.audio@1.0.0 (location: D:\game\game-client\Library\PackageCache\com.unity.modules.audio)
    com.unity.modules.cloth@1.0.0 (location: D:\game\game-client\Library\PackageCache\com.unity.modules.cloth)
    com.unity.modules.director@1.0.0 (location: D:\game\game-client\Library\PackageCache\com.unity.modules.director)
    com.unity.modules.imageconversion@1.0.0 (location: D:\game\game-client\Library\PackageCache\com.unity.modules.imageconversion)
    com.unity.modules.imgui@1.0.0 (location: D:\game\game-client\Library\PackageCache\com.unity.modules.imgui)
    com.unity.modules.jsonserialize@1.0.0 (location: D:\game\game-client\Library\PackageCache\com.unity.modules.jsonserialize)
    com.unity.modules.particlesystem@1.0.0 (location: D:\game\game-client\Library\PackageCache\com.unity.modules.particlesystem)
    com.unity.modules.physics@1.0.0 (location: D:\game\game-client\Library\PackageCache\com.unity.modules.physics)
    com.unity.modules.physics2d@1.0.0 (location: D:\game\game-client\Library\PackageCache\com.unity.modules.physics2d)
    com.unity.modules.physicscore2d@1.0.0 (location: D:\game\game-client\Library\PackageCache\com.unity.modules.physicscore2d)
    com.unity.modules.screencapture@1.0.0 (location: D:\game\game-client\Library\PackageCache\com.unity.modules.screencapture)
    com.unity.modules.terrain@1.0.0 (location: D:\game\game-client\Library\PackageCache\com.unity.modules.terrain)
    com.unity.modules.terrainphysics@1.0.0 (location: D:\game\game-client\Library\PackageCache\com.unity.modules.terrainphysics)
    com.unity.modules.tilemap@1.0.0 (location: D:\game\game-client\Library\PackageCache\com.unity.modules.tilemap)
    com.unity.modules.ui@1.0.0 (location: D:\game\game-client\Library\PackageCache\com.unity.modules.ui)
    com.unity.modules.uielements@1.0.0 (location: D:\game\game-client\Library\PackageCache\com.unity.modules.uielements)
    com.unity.modules.umbra@1.0.0 (location: D:\game\game-client\Library\PackageCache\com.unity.modules.umbra)
    com.unity.modules.unityanalytics@1.0.0 (location: D:\game\game-client\Library\PackageCache\com.unity.modules.unityanalytics)
    com.unity.modules.unitywebrequest@1.0.0 (location: D:\game\game-client\Library\PackageCache\com.unity.modules.unitywebrequest)
    com.unity.modules.unitywebrequestassetbundle@1.0.0 (location: D:\game\game-client\Library\PackageCache\com.unity.modules.unitywebrequestassetbundle)
    com.unity.modules.unitywebrequestaudio@1.0.0 (location: D:\game\game-client\Library\PackageCache\com.unity.modules.unitywebrequestaudio)
    com.unity.modules.unitywebrequesttexture@1.0.0 (location: D:\game\game-client\Library\PackageCache\com.unity.modules.unitywebrequesttexture)
    com.unity.modules.unitywebrequestwww@1.0.0 (location: D:\game\game-client\Library\PackageCache\com.unity.modules.unitywebrequestwww)
    com.unity.modules.vectorgraphics@1.0.0 (location: D:\game\game-client\Library\PackageCache\com.unity.modules.vectorgraphics)
    com.unity.modules.vehicles@1.0.0 (location: D:\game\game-client\Library\PackageCache\com.unity.modules.vehicles)
    com.unity.modules.video@1.0.0 (location: D:\game\game-client\Library\PackageCache\com.unity.modules.video)
    com.unity.modules.wind@1.0.0 (location: D:\game\game-client\Library\PackageCache\com.unity.modules.wind)
    com.unity.modules.xr@1.0.0 (location: D:\game\game-client\Library\PackageCache\com.unity.modules.xr)
    com.unity.modules.subsystems@1.0.0 (location: D:\game\game-client\Library\PackageCache\com.unity.modules.subsystems)
    com.unity.modules.hierarchycore@1.0.0 (location: D:\game\game-client\Library\PackageCache\com.unity.modules.hierarchycore)
    com.unity.ugui@2.5.0 (location: D:\game\game-client\Library\PackageCache\com.unity.ugui@67707a67a4ab)
    com.unity.ext.nunit@2.1.0 (location: D:\game\game-client\Library\PackageCache\com.unity.ext.nunit@44f7d31723bd)
    com.unity.render-pipelines.core@17.5.0 (location: D:\game\game-client\Library\PackageCache\com.unity.render-pipelines.core@645717f21c5f)
    com.unity.shadergraph@17.5.0 (location: D:\game\game-client\Library\PackageCache\com.unity.shadergraph@8d7376ec43ee)
    com.unity.render-pipelines.universal-config@17.5.0 (location: D:\game\game-client\Library\PackageCache\com.unity.render-pipelines.universal-config@fdda01c80fe3)
    com.unity.collections@6.5.0 (location: D:\game\game-client\Library\PackageCache\com.unity.collections@ec2c217e4cb2)
    com.unity.mathematics@1.4.0 (location: D:\game\game-client\Library\PackageCache\com.unity.mathematics@981956d94fb6)
  Git packages:
    com.endel.nativewebsocket@https://github.com/endel/NativeWebSocket.git#upm (location: D:\game\game-client\Library\PackageCache\com.endel.nativewebsocket@ea014c9ae534)
[Package Manager] com.unity.textmeshpro is deprecated: This package is no longer supported. TextMeshPro functionalities are now included in the com.unity.ugui package. To continue using them, consider adding it to your project dependencies.
[Subsystems] No new subsystems found in resolved package list.
[Package Manager] Done registering packages in 0.04 seconds
Starting: D:\Program Files\Editor\6000.5.7f1\Editor\Data\Tools\BuildPipeline\bee_backend.exe --ipc --defer-dag-verification --dagfile="Library/Bee/2000b0aE.dag" --continue-on-failure --profile="Library/Bee/backend1.traceevents" ScriptAssemblies
WorkingDir: D:/game/game-client
DisplayProgressbar: Compiling Scripts
ExitCode: 0 Duration: 0s425ms
[422/721    0s] WriteResponseFile Library/Bee/artifacts/rsp/4747638433968585886.rsp
[576/721    0s] ILPP-Configuration Library/ilpp-configuration.nevergeneratedoutput
*** Tundra build success (0.36 seconds), 2 items updated, 721 evaluated
AssetDatabase: script compilation time: 1.316288s
Begin MonoManager ReloadAssembly
Total cache size 187449023
Total cache size after purge 187449023, took 00:00:00.3153126
Native extension for Android target not found
Native extension for UWP target not found
Native extension for WindowsStandalone target not found
Native extension for WebGL target not found
ScheduleIndexationOnStartup MainProcess:True IndexOnStartup:True
Mono: successfully reloaded assembly
- Finished resetting the current domain, in  2.949 seconds
Domain Reload Profiling: 4353ms
	BeginReloadAssembly (498ms)
		DisableScriptedObjects (58ms)
		CreateAndSetChildDomain (104ms)
	RebuildCommonClasses (17ms)
	RebuildNativeTypeToScriptingClass (35ms)
	initialDomainReloadingComplete (89ms)
	LoadAllAssembliesAndSetupDomain (762ms)
		LoadAssemblies (475ms)
		AnalyzeDomain (274ms)
			TypeCache.Refresh (178ms)
				TypeCache.ScanAssembly (156ms)
			BuildScriptInfoCaches (79ms)
			ResolveRequiredComponents (13ms)
	FinalizeReload (2951ms)
		SetupLoadedEditorAssemblies (0ms)
			InitializePlatformSupportModulesInManaged (28ms)
			BeforeProcessingInitializeOnLoad (194ms)
			ProcessInitializeOnLoadAttributes (1265ms)
			ProcessInitializeOnLoadMethodAttributes (732ms)
			AfterProcessingInitializeOnLoad (6ms)
		AwakeInstancesAfterBackupRestoration (97ms)
Starting new worker id: 0 with log in D:/game/game-client/Logs/AssetImportWorkerHW0.log

Asset Pipeline Refresh (id=5ba37aaf30bf83647953102f461eda39): Total: 6.753 seconds - Initiated by InitialRefreshV2(ForceSynchronousImport)
	(Values over 0.05ms)
	Summary:
		Imports: total=0 (actual=0, local cache=0, cache server=0)
		Asset DB Process Time: managed=0 ms, native=3755 ms
		Asset DB Callback time: managed=102 ms, native=42 ms
		Scripting: domain reloads=1, domain reload time=1463 ms, compile time=1319 ms, other=69 ms
		Project Asset Count: scripts=953, non-scripts=1826
		Asset File Changes: new=0, changed=0, moved=0, deleted=0
		Scan Filter Count: 0
	InvokePackagesCallback: 45.610ms
	ApplyChangesToAssetFolders: 1.036ms
	Scan: 180.592ms
	Collect global state as custom dependencies: 41.502ms
	CategorizeScriptCompilationAssets: 49.759ms
	ProcessAssetsWithTransientArtifactChanges: 82.796ms
	CategorizeAssets: 111.938ms
	CompileScripts: 1319.242ms
	ImportOutOfDateAssets: 3102.767ms (2975.060ms without children)
		ReloadNativeAssets: 0.071ms
		UnloadImportedAssets: 1.772ms
		EnsureUptoDateAssetsAreRegisteredWithGuidPM: 1.197ms
		ImportSchedulerStart: 124.660ms
	PostProcessAllAssets: 102.465ms
		MonoPostProcessAllAssets: 102.328ms
			UniversalRenderPipelineGlobalSettingsPostprocessor.OnPostprocessAllAssets 39.865ms
			WindowAssetPostprocessingWatcher.OnPostprocessAllAssets 7.217ms
			SpeedTree9Postprocessor.OnPostprocessAllAssets 6.536ms
			SyncVS.PostprocessSyncProject 5.114ms
			EditModeScopePostprocessor.OnPostprocessAllAssets 3.765ms
			RenderPipelineGlobalSettingsPostprocessor.OnPostprocessAllAssets 2.391ms
			ShaderReflectionAssetPostProcessor.OnPostprocessAllAssets 1.371ms
			ReferencedClipsPostProcessor.OnPostprocessAllAssets 1.097ms
			TerrainToolbarOverlayPostProcessor.OnPostprocessAllAssets 1.008ms
			AssetDatabaseCallbacks.OnPostprocessAllAssets 0.609ms
	UnloadStreamsBegin: 7.168ms
	PersistCurrentRevisions: 0.227ms
	GenerateScriptTypeHashes: 2.930ms
	GenerateScriptTypeSerializationHashes: 5.041ms
	Untracked: 1700.701ms

Application.AssetDatabase Initial Refresh End
Launched and connected shader compiler UnityShaderCompiler.exe after 0.04 seconds
Scanning for USB devices : 8.099ms
Initializing Unity extensions:
[MODES] ModeService[none].Initialize
[MODES] ModeService[none].LoadModes
[MODES] Loading mode Default (0) for mode-current-id-game-client
Unloading 38 Unused Serialized files (Serialized files now loaded: 0)
Unloading 3440 unused Assets / (8.6 MB). Loaded Objects now: 4410.
Memory consumption went from 347.7 MB to 339.1 MB.
Total: 25.253500 ms (FindLiveObjects: 0.713000 ms CreateObjectMapping: 2.023100 ms MarkObjects: 12.818600 ms  DeleteObjects: 9.688800 ms)

Worker ready: AssetImportWorkerHW0 0
Importing 'GUID: cf2342422fda8d04eaa4f9b0f45e364e - Path: Assets/Settings/QuizBattle_URP.asset' with importer (NativeFormatImporter)
Imported 'GUID: cf2342422fda8d04eaa4f9b0f45e364e' -> (Import Result ID: 'fd584a0ebb756d0e6b4c5aed8396a28b') in 0.025 seconds [static dependencies only]. Details - ImportResultOutputID=bd7714e165152afead7b5d18422af6cf DependenciesID=3918f9fffe4d19d916e62da0bd3558fd StaticDependenciesID=4ca6397c2d058c4a771e6f0071d07488 

Asset Pipeline Refresh (id=fcca97cfe59240a40bd88094fb5d0967): Total: 0.523 seconds - Initiated by StopAssetImportingV2(NoUpdateAssetOptions)
	(Values over 0.05ms)
	Summary:
		Imports: total=1 (actual=1, local cache=0, cache server=0)
		Asset DB Process Time: managed=5 ms, native=235 ms
		Asset DB Callback time: managed=279 ms, native=2 ms
		Scripting: domain reloads=0, domain reload time=0 ms, compile time=0 ms, other=0 ms
		Project Asset Count: scripts=953, non-scripts=1826
		Asset File Changes: new=0, changed=0, moved=0, deleted=0
		Scan Filter Count: 3
	ApplyChangesToAssetFolders: 0.150ms
	Scan: 15.877ms
	Collect global state as custom dependencies: 0.398ms
	ProcessAssetsWithTransientArtifactChanges: 0.093ms
	CategorizeAssets: 73.474ms
	ImportOutOfDateAssets: 143.949ms (15.763ms without children)
		ImportManagerImport: 30.417ms (2.911ms without children)
			UpdateCategorizedAssets: 0.501ms
		ReloadNativeAssets: 0.065ms
		UnloadImportedAssets: 0.453ms
		EnsureUptoDateAssetsAreRegisteredWithGuidPM: 1.157ms
		ImportSchedulerStart: 96.079ms
	PostProcessAllAssets: 281.440ms
		XRBuildSystem.XRAssetImported 0.847ms
		MonoPostProcessAllAssets: 279.460ms
			AssetPostprocessor.OnPostprocessAllAssets 177.242ms
			StyleCatalogPostProcessor.OnPostprocessAllAssets 45.043ms
			BuilderAssetPostprocessor.OnPostprocessAllAssets 24.706ms
			AssetChangedListener.OnPostprocessAllAssets 4.891ms
			RetainedModeAssetPostprocessor.OnPostprocessAllAssets 4.759ms
			ShaderGraphAssetPostProcessor.OnPostprocessAllAssets 3.420ms
			ArtifactBrowserPostProcessor.OnPostprocessAllAssets 3.340ms
			MaterialPostprocessor.OnPostprocessAllAssets 2.258ms
			CubeLutAssetImporter.OnPostprocessAllAssets 1.588ms
			TMPro_TexturePostProcessor.OnPostprocessAllAssets 1.447ms
			AudioMixerPostprocessor.OnPostprocessAllAssets 1.409ms
			SampleDependencyImporterPostProcessor.OnPostprocessAllAssets 1.058ms
			TextAssetPostProcessor.OnPostprocessAllAssets 0.840ms
			AssetEvents.OnPostprocessAllAssets 0.623ms
			PostProcessor.OnPostprocessAllAssets 0.550ms
			AudioContainerPostProcessor.OnPostprocessAllAssets 0.522ms
			SpeedTreePostProcessor.OnPostprocessAllAssets 0.391ms
			ConfigAssetsTracker.OnPostprocessAllAssets 0.384ms
			ScenarioDriftAssetsTracker.OnPostprocessAllAssets 0.352ms
			RenderPipelineGlobalSettingsPostprocessor.OnPostprocessAllAssets 0.188ms
			UniversalRenderPipelineGlobalSettingsPostprocessor.OnPostprocessAllAssets 0.106ms
			SyncVS.PostprocessSyncProject 0.076ms
	PostAssetChangesProfiler: 0.805ms
	GatherAllCurrentPrimaryImportResultRevisions: 0.284ms
	UnloadStreamsBegin: 0.088ms
	PersistCurrentRevisions: 0.247ms
	Untracked: 5.721ms

1 URP assets included in build
- QuizBattle_URP - Assets/Settings/QuizBattle_URP.asset
	 - QuizBattle_Renderer - Assets/Settings/QuizBattle_Renderer.asset - UnityEngine.Rendering.Universal.UniversalRendererData
UnityEngine.Debug:ExtractStackTraceNoAlloc (byte*,int,string)
UnityEngine.StackTraceUtility:ExtractStackTrace ()
UnityEngine.DebugLogHandler:Internal_Log (UnityEngine.LogType,UnityEngine.LogOption,string,UnityEngine.Object)
UnityEngine.DebugLogHandler:LogFormat (UnityEngine.LogType,UnityEngine.Object,string,object[])
UnityEngine.Logger:Log (UnityEngine.LogType,object)
UnityEngine.Debug:Log (object)
UnityEditor.Rendering.Universal.URPPreprocessBuild:LogIncludedAssets (System.Collections.Generic.List`1<UnityEngine.Rendering.Universal.UniversalRenderPipelineAsset>) (at ./Library/PackageCache/com.unity.render-pipelines.universal@73b4c4ff130e/Editor/BuildProcessors/URPPreprocessBuild.cs:73)
UnityEditor.Rendering.Universal.URPPreprocessBuild:OnPreprocessBuild (UnityEditor.Build.Reporting.BuildReport) (at ./Library/PackageCache/com.unity.render-pipelines.universal@73b4c4ff130e/Editor/BuildProcessors/URPPreprocessBuild.cs:32)
UnityEditor.Build.BuildPipelineInterfaces/<>c__DisplayClass17_0:<OnBuildPreProcess>b__1 (UnityEditor.Build.IPreprocessBuildWithReport)
UnityEditor.Build.BuildPipelineInterfaces:InvokeCallbackInterfacesPair<UnityEditor.Build.IPreprocessBuild, UnityEditor.Build.IPreprocessBuildWithReport> (System.Collections.Generic.List`1<UnityEditor.Build.IPreprocessBuild>,System.Action`1<UnityEditor.Build.IPreprocessBuild>,System.Collections.Generic.List`1<UnityEditor.Build.IPreprocessBuildWithReport>,System.Action`1<UnityEditor.Build.IPreprocessBuildWithReport>,bool)
UnityEditor.Build.BuildPipelineInterfaces:OnBuildPreProcess (UnityEditor.Build.Reporting.BuildReport)
UnityEditor.BuildPipeline:BuildPlayerInternal (string[],string,string,UnityEditor.BuildTargetGroup,UnityEditor.BuildTarget,int,UnityEditor.BuildOptions,string[],string[],bool)
UnityEditor.BuildPipeline:BuildPlayer (UnityEditor.BuildPlayerOptions)
QuizBattle.EditorTools.Graphics.WebGLBuildCheck:Run () (at Assets/Editor/Graphics/WebGLBuildCheck.cs:45)

(Filename: ./Library/PackageCache/com.unity.render-pipelines.universal@73b4c4ff130e/Editor/BuildProcessors/URPPreprocessBuild.cs Line: 73)

Importing 'GUID: cf2342422fda8d04eaa4f9b0f45e364e - Path: Assets/Settings/QuizBattle_URP.asset' with importer (NativeFormatImporter)
Imported 'GUID: cf2342422fda8d04eaa4f9b0f45e364e' -> (Import Result ID: 'fd584a0ebb756d0e6b4c5aed8396a28b') in 0.004 seconds [static dependencies only]. Details - ImportResultOutputID=bd7714e165152afead7b5d18422af6cf DependenciesID=3918f9fffe4d19d916e62da0bd3558fd StaticDependenciesID=4ca6397c2d058c4a771e6f0071d07488 
Asset Pipeline Refresh (id=2e421dfd31de8d441a4854cafa7f497d): Total: 0.116 seconds - Initiated by StopAssetImportingV2(NoUpdateAssetOptions)
Importing 'GUID: 00000000000000004000000000000000 - Path: ProjectSettings/ProjectSettings.asset' with importer (LibraryAssetImporter)
Imported 'GUID: 00000000000000004000000000000000' -> (Import Result ID: '827b90daf20439c93f7fa03cca428561') in 0.005 seconds [static dependencies only]. Details - ImportResultOutputID=276a810dac73e1f29404d5e5f692e214 DependenciesID=71684c0afdee01cf6dca1aa3ab865e47 StaticDependenciesID=9e8b51eecd4a0ef6a956590ec48e965f 
Importing 'GUID: 00000000000000006100000000000000 - Path: ProjectSettings/GraphicsSettings.asset' with importer (LibraryAssetImporter)
Imported 'GUID: 00000000000000006100000000000000' -> (Import Result ID: '917dab962521ffd745c5319654cd247d') in 0.002 seconds [static dependencies only]. Details - ImportResultOutputID=f9600466f06a676b7a4f639f6629ea48 DependenciesID=1b66da579ce9cfd02b12e2f794434bd1 StaticDependenciesID=abefacc7d477d32a1addf770cdf6f39c 
Importing 'GUID: c05740c4af7833e41afeedbba91446e4 - Path: Assets/UniversalRenderPipelineGlobalSettings.asset' with importer (NativeFormatImporter)
Imported 'GUID: c05740c4af7833e41afeedbba91446e4' -> (Import Result ID: 'bd18a8358771e2c109b3c626b361dc97') in 0.003 seconds [static dependencies only]. Details - ImportResultOutputID=2bd3fa82ca71d1e86d7a87a3d88ca2fe DependenciesID=cff2fe16b23661deaba4a45b39ed4637 StaticDependenciesID=8ace4b5fb269e7d2cf206c0c4f4515a1 
Asset Pipeline Refresh (id=fb38d4ae8fa88ec42b672b54eef13bcb): Total: 0.135 seconds - Initiated by StopAssetImportingV2(NoUpdateAssetOptions)
Starting: D:\Program Files\Editor\6000.5.7f1\Editor\Data\Tools\BuildPipeline\bee_backend.exe --ipc --defer-dag-verification --dagfile="Library/Bee/2000b0aESkipCompile.dag" --continue-on-failure --profile="Library/Bee/backend1.traceevents" ScriptAssembliesAndTypeDB
WorkingDir: D:/game/game-client
ExitCode: 0 Duration: 0s377ms
*** Tundra build success (0.29 seconds), 0 items updated, 3 evaluated
Asset Pipeline Refresh (id=31cc7d1a3e107ef4b9b66b7773515d57): Total: 0.019 seconds - Initiated by RefreshV2(NoUpdateAssetOptions)
[ScriptCompilation] Requested script compilation because: Recompiling scripts for player build.
BuildPlayer: start building target 20
Starting: D:\Program Files\Editor\6000.5.7f1\Editor\Data\Tools\BuildPipeline\bee_backend.exe --ipc --defer-dag-verification --dagfile="Library/Bee/2000b0aP.dag" --continue-on-failure --profile="Library/Bee/backend1.traceevents" ScriptAssembliesAndTypeDB
WorkingDir: D:/game/game-client
Total cache size 187449023
Total cache size after purge 187449023, took 00:00:00.4800419
ExitCode: 0 Duration: 3s323ms
[395/550    0s] WriteResponseFile Library/Bee/artifacts/rsp/4747638433968585886.rsp
[478/550    0s] ILPP-Configuration Library/ilpp-configuration.nevergeneratedoutput
[502/550    0s] CopyFiles Library/Bee/PlayerScriptAssemblies/Unity.RenderPipeline.Universal.ShaderLibrary.dll
[503/550    0s] CopyFiles Library/Bee/PlayerScriptAssemblies/ithappy.Creative_Characters_FREE.dll
[504/550    0s] CopyFiles Library/Bee/PlayerScriptAssemblies/Unity.RenderPipelines.Universal.Config.Runtime.dll
[505/550    0s] CopyFiles Library/Bee/PlayerScriptAssemblies/Unity.Mathematics.dll
[506/550    0s] CopyFiles Library/Bee/PlayerScriptAssemblies/Unity.SurfaceCache.Runtime.dll
[507/550    0s] CopyFiles Library/Bee/PlayerScriptAssemblies/Unity.Postprocessing.Runtime.dll
[508/550    0s] CopyFiles Library/Bee/PlayerScriptAssemblies/Unity.RenderPipelines.GPUDriven.Runtime.dll
[509/550    0s] CopyFiles Library/Bee/PlayerScriptAssemblies/QuizBattle.Runtime.dll
[510/550    0s] CopyFiles Library/Bee/PlayerScriptAssemblies/Unity.RenderPipelines.Universal.Runtime.dll
[511/550    0s] CopyFiles Library/Bee/PlayerScriptAssemblies/Unity.RenderPipelines.Core.Runtime.Shared.dll
[512/550    0s] CopyFiles Library/Bee/PlayerScriptAssemblies/Unity.Multiplayer.Center.Common.dll
[513/550    0s] CopyFiles Library/Bee/PlayerScriptAssemblies/Unity.RenderPipelines.Universal.2D.Runtime.dll
[514/550    0s] CopyFiles Library/Bee/PlayerScriptAssemblies/UnityEngine.UI.dll
[515/550    0s] CopyFiles Library/Bee/PlayerScriptAssemblies/Unity.Collections.dll
[516/550    0s] CopyFiles Library/Bee/PlayerScriptAssemblies/Unity.InternalAPIEngineBridge.004.dll
[517/550    0s] CopyFiles Library/Bee/PlayerScriptAssemblies/Unity.InternalAPIEngineBridge.RenderPipelines.Core.Runtime.Shared.dll
[518/550    0s] CopyFiles Library/Bee/PlayerScriptAssemblies/Unity.RenderPipelines.Universal.Shaders.dll
[519/550    0s] CopyFiles Library/Bee/PlayerScriptAssemblies/Unity.RenderPipelines.Core.ShaderLibrary.dll
[520/550    0s] CopyFiles Library/Bee/PlayerScriptAssemblies/Unity.Burst.dll
[521/550    0s] CopyFiles Library/Bee/PlayerScriptAssemblies/endel.nativewebsocket.dll
[522/550    0s] CopyFiles Library/Bee/PlayerScriptAssemblies/Unity.RenderPipelines.ShaderGraph.ShaderGraphLibrary.dll
[523/550    0s] CopyFiles Library/Bee/PlayerScriptAssemblies/Unity.RenderPipelines.Core.ShaderLibrary.pdb
[524/550    0s] CopyFiles Library/Bee/PlayerScriptAssemblies/Unity.Multiplayer.Center.Common.pdb
[525/550    0s] CopyFiles Library/Bee/PlayerScriptAssemblies/Unity.RenderPipelines.Core.Runtime.Shared.pdb
[526/550    0s] CopyFiles Library/Bee/PlayerScriptAssemblies/QuizBattle.Runtime.pdb
[527/550    0s] CopyFiles Library/Bee/PlayerScriptAssemblies/Unity.RenderPipelines.Core.Runtime.dll
[528/550    0s] CopyFiles Library/Bee/PlayerScriptAssemblies/Unity.RenderPipeline.Universal.ShaderLibrary.pdb
[529/550    0s] CopyFiles Library/Bee/PlayerScriptAssemblies/Unity.RenderPipelines.GPUDriven.Runtime.pdb
[530/550    0s] CopyFiles Library/Bee/PlayerScriptAssemblies/Unity.TextMeshPro.dll
[531/550    0s] CopyFiles Library/Bee/PlayerScriptAssemblies/Unity.SurfaceCache.Runtime.pdb
[532/550    0s] CopyFiles Library/Bee/PlayerScriptAssemblies/Unity.RenderPipelines.Universal.Runtime.pdb
[533/550    0s] CopyFiles Library/Bee/PlayerScriptAssemblies/Unity.Mathematics.pdb
[534/550    0s] CopyFiles Library/Bee/PlayerScriptAssemblies/Unity.RenderPipelines.Universal.Config.Runtime.pdb
[535/550    0s] CopyFiles Library/Bee/PlayerScriptAssemblies/ithappy.Creative_Characters_FREE.pdb
[536/550    0s] CopyFiles Library/Bee/PlayerScriptAssemblies/Unity.Postprocessing.Runtime.pdb
[537/550    0s] CopyFiles Library/Bee/PlayerScriptAssemblies/Unity.InternalAPIEngineBridge.RenderPipelines.Core.Runtime.Shared.pdb
[538/550    0s] CopyFiles Library/Bee/PlayerScriptAssemblies/Unity.RenderPipelines.Universal.Shaders.pdb
[539/550    0s] CopyFiles Library/Bee/PlayerScriptAssemblies/Unity.InternalAPIEngineBridge.004.pdb
[540/550    0s] CopyFiles Library/Bee/PlayerScriptAssemblies/Unity.Burst.pdb
[541/550    0s] CopyFiles Library/Bee/PlayerScriptAssemblies/Unity.RenderPipelines.Core.Runtime.pdb
[542/550    0s] CopyFiles Library/Bee/PlayerScriptAssemblies/Unity.RenderPipelines.Universal.2D.Runtime.pdb
[543/550    0s] CopyFiles Library/Bee/PlayerScriptAssemblies/Unity.Collections.pdb
[544/550    0s] CopyFiles Library/Bee/PlayerScriptAssemblies/Unity.TextMeshPro.pdb
[545/550    0s] CopyFiles Library/Bee/PlayerScriptAssemblies/UnityEngine.UI.pdb
[546/550    0s] CopyFiles Library/Bee/PlayerScriptAssemblies/Unity.RenderPipelines.ShaderGraph.ShaderGraphLibrary.pdb
[547/550    0s] CopyFiles Library/Bee/PlayerScriptAssemblies/endel.nativewebsocket.pdb
*** Tundra build success (3.23 seconds), 48 items updated, 550 evaluated
Total cache size 187449023
Total cache size after purge 187449023, took 00:00:00.5062582
Not rebuilding Data files -- no changes


Mono dependencies included in the build
Dependency assembly - System.ValueTuple.dll
Dependency assembly - System.Linq.Expressions.dll
Dependency assembly - System.DirectoryServices.Protocols.dll
Dependency assembly - System.IO.dll
Dependency assembly - System.ComponentModel.EventBasedAsync.dll
Dependency assembly - Microsoft.Extensions.Logging.Abstractions.dll
Dependency assembly - System.Linq.dll
Dependency assembly - System.Design.dll
Dependency assembly - System.Net.Utilities.dll
Dependency assembly - System.Resources.ReaderWriter.dll
Dependency assembly - Unity.InternalAPIEngineBridge.004.dll
Dependency assembly - Mono.Data.Sqlite.dll
Dependency assembly - System.Runtime.DurableInstancing.dll
Dependency assembly - System.Threading.Thread.dll
Dependency assembly - System.Net.WebSockets.Client.dll
Dependency assembly - System.Security.Cryptography.X509Certificates.dll
Dependency assembly - System.Net.NetworkInformation.dll
Dependency assembly - System.ComponentModel.Annotations.dll
Dependency assembly - System.Text.Encoding.dll
Dependency assembly - Unity.RenderPipelines.Core.ShaderLibrary.dll
Dependency assembly - Unity.RenderPipeline.Universal.ShaderLibrary.dll
Dependency assembly - System.Threading.Tasks.dll
Dependency assembly - I18N.MidEast.dll
Dependency assembly - Mono.Data.Tds.dll
Dependency assembly - System.Data.dll
Dependency assembly - System.Diagnostics.StackTrace.dll
Dependency assembly - System.Xml.XPath.XDocument.dll
Dependency assembly - System.Windows.Forms.DataVisualization.dll
Dependency assembly - Unity.RenderPipelines.GPUDriven.Runtime.dll
Dependency assembly - System.Reflection.TypeExtensions.dll
Dependency assembly - System.Security.Cryptography.Primitives.dll
Dependency assembly - System.Security.Cryptography.Hashing.dll
Dependency assembly - mscorlib.dll
Dependency assembly - System.Runtime.CompilerServices.Unsafe.dll
Dependency assembly - System.Security.Cryptography.Pkcs.dll
Dependency assembly - System.Collections.Concurrent.dll
Dependency assembly - System.Diagnostics.TraceEvent.dll
Dependency assembly - System.ObjectModel.dll
Dependency assembly - System.IO.FileSystem.DriveInfo.dll
Dependency assembly - System.Xml.Xsl.Primitives.dll
Dependency assembly - System.Text.RegularExpressions.dll
Dependency assembly - System.Security.dll
Dependency assembly - System.Net.AuthenticationManager.dll
Dependency assembly - System.Xml.XPath.dll
Dependency assembly - Microsoft.Bcl.AsyncInterfaces.dll
Dependency assembly - System.Net.WebHeaderCollection.dll
Dependency assembly - System.Net.dll
Dependency assembly - System.Reflection.Metadata.dll
Dependency assembly - Microsoft.Extensions.DependencyInjection.Abstractions.dll
Dependency assembly - System.Net.Primitives.dll
Dependency assembly - QuizBattle.Runtime.dll
Dependency assembly - System.Net.NameResolution.dll
Dependency assembly - System.Threading.dll
Dependency assembly - System.ServiceModel.Internals.dll
Dependency assembly - System.Net.Security.dll
Dependency assembly - System.Net.HttpListener.dll
Dependency assembly - System.Diagnostics.TraceSource.dll
Dependency assembly - System.Runtime.Serialization.Json.dll
Dependency assembly - System.Diagnostics.Tools.dll
Dependency assembly - System.Reflection.dll
Dependency assembly - System.ServiceProcess.dll
Dependency assembly - System.Web.Extensions.Design.dll
Dependency assembly - System.Reflection.Extensions.dll
Dependency assembly - I18N.Other.dll
Dependency assembly - System.Web.ApplicationServices.dll
Dependency assembly - System.Runtime.Caching.dll
Dependency assembly - System.ServiceModel.dll
Dependency assembly - System.EnterpriseServices.dll
Dependency assembly - Microsoft.Win32.Registry.AccessControl.dll
Dependency assembly - System.Web.Services.dll
Dependency assembly - System.IdentityModel.Selectors.dll
Dependency assembly - System.Security.Cryptography.RandomNumberGenerator.dll
Dependency assembly - System.Management.dll
Dependency assembly - System.Net.Http.WebRequest.dll
Dependency assembly - System.Diagnostics.Process.dll
Dependency assembly - System.IO.FileSystem.Primitives.dll
Dependency assembly - System.Drawing.Design.dll
Dependency assembly - System.Runtime.Serialization.Xml.dll
Dependency assembly - System.Data.Services.dll
Dependency assembly - System.IO.Hashing.dll
Dependency assembly - System.ServiceModel.Security.dll
Dependency assembly - System.Xml.Linq.dll
Dependency assembly - System.Runtime.InteropServices.dll
Dependency assembly - System.Console.dll
Dependency assembly - System.Net.Requests.dll
Dependency assembly - System.Xaml.dll
Dependency assembly - Microsoft.Win32.Primitives.dll
Dependency assembly - System.Drawing.dll
Dependency assembly - System.IO.FileSystem.dll
Dependency assembly - System.Collections.Immutable.dll
Dependency assembly - System.Messaging.dll
Dependency assembly - System.Net.Mail.dll
Dependency assembly - System.Xml.ReaderWriter.dll
Dependency assembly - System.Runtime.dll
Dependency assembly - Unity.InternalAPIEngineBridge.RenderPipelines.Core.Runtime.Shared.dll
Dependency assembly - System.Reflection.Emit.ILGeneration.dll
Dependency assembly - Unity.RenderPipelines.Universal.Runtime.dll
Dependency assembly - System.Data.Services.Client.dll
Dependency assembly - Unity.Postprocessing.Runtime.dll
Dependency assembly - I18N.West.dll
Dependency assembly - netstandard.dll
Dependency assembly - Unity.RenderPipelines.Core.Runtime.Shared.dll
Dependency assembly - Unity.RenderPipelines.ShaderGraph.ShaderGraphLibrary.dll
Dependency assembly - Unity.RenderPipelines.Universal.Shaders.dll
Dependency assembly - System.Diagnostics.FileVersionInfo.dll
Dependency assembly - System.ServiceModel.Http.dll
Dependency assembly - Unity.Burst.Unsafe.dll
Dependency assembly - System.Security.Cryptography.Encryption.ECDsa.dll
Dependency assembly - System.Text.Encodings.Web.dll
Dependency assembly - System.Security.Cryptography.Encryption.Aes.dll
Dependency assembly - System.Runtime.Handles.dll
Dependency assembly - System.Net.WebSockets.dll
Dependency assembly - System.ComponentModel.Composition.dll
Dependency assembly - System.Runtime.Remoting.dll
Dependency assembly - System.Reflection.Context.dll
Dependency assembly - System.Threading.Tasks.Extensions.dll
Dependency assembly - System.Reflection.Emit.dll
Dependency assembly - System.Net.Sockets.dll
Dependency assembly - System.Security.AccessControl.dll
Dependency assembly - System.ComponentModel.dll
Dependency assembly - System.Security.Principal.Windows.dll
Dependency assembly - System.Resources.Writer.dll
Dependency assembly - System.Threading.Overlapped.dll
Dependency assembly - System.Runtime.InteropServices.RuntimeInformation.dll
Dependency assembly - System.Diagnostics.TextWriterTraceListener.dll
Dependency assembly - I18N.CJK.dll
Dependency assembly - Mono.Security.dll
Dependency assembly - System.Threading.AccessControl.dll
Dependency assembly - System.ServiceModel.NetTcp.dll
Dependency assembly - System.Net.Ping.dll
Dependency assembly - System.Globalization.Calendars.dll
Dependency assembly - System.ServiceModel.Activation.dll
Dependency assembly - System.Diagnostics.Tracing.dll
Dependency assembly - Microsoft.CSharp.dll
Dependency assembly - System.Reflection.Emit.Lightweight.dll
Dependency assembly - System.Globalization.Extensions.dll
Dependency assembly - System.IO.FileSystem.Watcher.dll
Dependency assembly - endel.nativewebsocket.dll
Dependency assembly - Unity.SurfaceCache.Runtime.dll
Dependency assembly - System.Text.Json.dll
Dependency assembly - System.ServiceModel.Web.dll
Dependency assembly - System.Web.RegularExpressions.dll
Dependency assembly - Unity.Multiplayer.Center.Common.dll
Dependency assembly - System.Transactions.dll
Dependency assembly - System.Drawing.Primitives.dll
Dependency assembly - System.Data.Common.dll
Dependency assembly - System.Threading.Timer.dll
Dependency assembly - System.ComponentModel.DataAnnotations.dll
Dependency assembly - System.Collections.NonGeneric.dll
Dependency assembly - System.Windows.Forms.dll
Dependency assembly - System.IO.MemoryMappedFiles.dll
Dependency assembly - Accessibility.dll
Dependency assembly - System.Runtime.Serialization.Primitives.dll
Dependency assembly - System.Security.Cryptography.Encryption.dll
Dependency assembly - System.Reflection.DispatchProxy.dll
Dependency assembly - System.Globalization.dll
Dependency assembly - System.Runtime.Serialization.Formatters.Soap.dll
Dependency assembly - System.Security.Principal.dll
Dependency assembly - System.Data.OracleClient.dll
Dependency assembly - System.IO.Compression.FileSystem.dll
Dependency assembly - System.Web.DynamicData.dll
Dependency assembly - System.Web.Extensions.dll
Dependency assembly - System.Diagnostics.DiagnosticSource.dll
Dependency assembly - System.ServiceModel.Primitives.dll
Dependency assembly - System.Security.Cryptography.Hashing.Algorithms.dll
Dependency assembly - UnityEngine.UI.dll
Dependency assembly - Unity.Collections.dll
Dependency assembly - System.Windows.dll
Dependency assembly - I18N.dll
Dependency assembly - System.Runtime.Extensions.dll
Dependency assembly - System.Security.Cryptography.Encryption.ECDiffieHellman.dll
Dependency assembly - System.Security.Cryptography.ProtectedData.dll
Dependency assembly - System.IO.UnmanagedMemoryStream.dll
Dependency assembly - System.Runtime.Serialization.dll
Dependency assembly - System.Core.dll
Dependency assembly - Unity.RenderPipelines.Universal.Config.Runtime.dll
Dependency assembly - ithappy.Creative_Characters_FREE.dll
Dependency assembly - System.Diagnostics.Debug.dll
Dependency assembly - System.Resources.Reader.dll
Dependency assembly - System.ServiceProcess.ServiceController.dll
Dependency assembly - System.DirectoryServices.dll
Dependency assembly - System.ServiceModel.Routing.dll
Dependency assembly - Unity.TextMeshPro.dll
Dependency assembly - System.Security.Cryptography.OpenSsl.dll
Dependency assembly - System.IO.Compression.dll
Dependency assembly - System.Xml.dll
Dependency assembly - System.IO.IsolatedStorage.dll
Dependency assembly - System.Linq.Parallel.dll
Dependency assembly - System.IO.Compression.ZipFile.dll
Dependency assembly - System.ServiceModel.Duplex.dll
Dependency assembly - System.Collections.Specialized.dll
Dependency assembly - System.Security.Cryptography.DeriveBytes.dll
Dependency assembly - System.Json.dll
Dependency assembly - System.Runtime.CompilerServices.VisualC.dll
Dependency assembly - System.Numerics.dll
Dependency assembly - System.Security.Cryptography.Csp.dll
Dependency assembly - System.Threading.ThreadPool.dll
Dependency assembly - System.Reflection.Primitives.dll
Dependency assembly - System.IO.Pipes.dll
Dependency assembly - System.Net.ServicePoint.dll
Dependency assembly - Unity.Burst.dll
Dependency assembly - System.Configuration.Install.dll
Dependency assembly - System.Security.Cryptography.Cng.dll
Dependency assembly - System.IdentityModel.dll
Dependency assembly - System.Security.Claims.dll
Dependency assembly - Unity.RenderPipelines.Universal.2D.Runtime.dll
Dependency assembly - System.ComponentModel.TypeConverter.dll
Dependency assembly - System.AppContext.dll
Dependency assembly - System.Memory.dll
Dependency assembly - System.Xml.XmlDocument.dll
Dependency assembly - System.Net.Cache.dll
Dependency assembly - System.dll
Dependency assembly - System.Resources.ResourceManager.dll
Dependency assembly - System.Data.Linq.dll
Dependency assembly - Unity.Collections.LowLevel.ILSupport.dll
Dependency assembly - System.Web.dll
Dependency assembly - System.Threading.Tasks.Parallel.dll
Dependency assembly - System.ComponentModel.Primitives.dll
Dependency assembly - System.IO.FileSystem.AccessControl.dll
Dependency assembly - System.Data.SqlClient.dll
Dependency assembly - System.Numerics.Vectors.dll
Dependency assembly - System.Collections.dll
Dependency assembly - System.Runtime.Loader.dll
Dependency assembly - System.Text.Encoding.Extensions.dll
Dependency assembly - System.Xml.XPath.XmlDocument.dll
Dependency assembly - System.Runtime.InteropServices.WindowsRuntime.dll
Dependency assembly - Unity.RenderPipelines.Core.Runtime.dll
Dependency assembly - Unity.Mathematics.dll
Dependency assembly - System.Xml.XmlSerializer.dll
Dependency assembly - System.Dynamic.Runtime.dll
Dependency assembly - System.Data.DataSetExtensions.dll
Dependency assembly - I18N.Rare.dll
Dependency assembly - System.Linq.Queryable.dll
Dependency assembly - System.Xml.Serialization.dll
Dependency assembly - System.Xml.XDocument.dll
Dependency assembly - System.Security.Cryptography.RSA.dll
Dependency assembly - System.Data.Entity.dll
Dependency assembly - Microsoft.Win32.Registry.dll
Dependency assembly - Newtonsoft.Json.dll
Dependency assembly - System.Security.Cryptography.Algorithms.dll
Dependency assembly - System.Runtime.Serialization.Formatters.dll
Dependency assembly - System.Net.Http.dll
Dependency assembly - System.Buffers.dll
Dependency assembly - System.ServiceModel.Discovery.dll
Dependency assembly - System.Security.SecureString.dll
Dependency assembly - System.Text.Encoding.CodePages.dll
Dependency assembly - System.Configuration.dll
Dependency assembly - System.Runtime.Numerics.dll
Dependency assembly - System.Security.Cryptography.Encoding.dll
Dependency assembly - System.Diagnostics.Contracts.dll

Starting: D:\Program Files\Editor\6000.5.7f1\Editor\Data\Tools\BuildPipeline\bee_backend.exe --ipc --dagfile="Library/Bee/Playera8274c52.dag" --profile="Library/Bee/backend1.traceevents" Player
WorkingDir: D:/game/game-client
DisplayProgressbar: Incremental Player Build
D:/game/game-client/Library/PackageCache/com.unity.burst@2f3d916873ea/.Runtime\bcl.exe exited after 16671 ms.
stdout:
Starting 1 library requests
Done
stderr:

ExitCode: 4 Duration: 6m:40s
Starting: D:\Program Files\Editor\6000.5.7f1\Editor\Data\netcorerun\netcorerun.exe "D:\Program Files\Editor\6000.5.7f1\Editor\Data\PlaybackEngines\WebGLSupport\WebGLPlayerBuildProgram.exe" "D:/Program Files/Editor/6000.5.7f1/Editor/Data/PlaybackEngines/WebGLSupport/Bee;D:/Program Files/Editor/6000.5.7f1/Editor/Data/Tools/BuildPipeline" "Library/Bee/Playera8274c52.dag.json" "Library/Bee/Playera8274c52-inputdata.json" "Library\Bee\buildprogram0.traceevents"
WorkingDir: D:/game/game-client
ExitCode: 0 Duration: 1s270ms
Starting: D:\Program Files\Editor\6000.5.7f1\Editor\Data\Tools\BuildPipeline\bee_backend.exe --ipc --dagfile="Library/Bee/Playera8274c52.dag" --dagfilejson="Library\Bee\Playera8274c52.dag.json" --profile="Library/Bee/backend2.traceevents" Player
WorkingDir: D:/game/game-client
Starting: D:\Program Files\Editor\6000.5.7f1\Editor\Data\netcorerun\netcorerun.exe "D:\Program Files\Editor\6000.5.7f1\Editor\Data\PlaybackEngines\WebGLSupport\WebGLPlayerBuildProgram.exe" "D:/Program Files/Editor/6000.5.7f1/Editor/Data/PlaybackEngines/WebGLSupport/Bee;D:/Program Files/Editor/6000.5.7f1/Editor/Data/Tools/BuildPipeline" "Library/Bee/Playera8274c52.dag.json" "Library/Bee/Playera8274c52-inputdata.json" "Library\Bee\buildprogram1.traceevents"
WorkingDir: D:/game/game-client
ExitCode: 4 Duration: 1s817ms
ExitCode: 0 Duration: 1s584ms
Starting: D:\Program Files\Editor\6000.5.7f1\Editor\Data\Tools\BuildPipeline\bee_backend.exe --ipc --dagfile="Library/Bee/Playera8274c52.dag" --dagfilejson="Library\Bee\Playera8274c52.dag.json" --profile="Library/Bee/backend3.traceevents" Player
WorkingDir: D:/game/game-client
ExitCode: 0 Duration: 0s712ms
D:\game\game-client\Library\Bee\artifacts\WebGL\il2cppOutput\cpp: [Unity.TextMeshPro] - System.Void TMPro.TMP_TextParsingUtilities::.cctor() - Method was given it's own cpp file because it is large and costly to compile
UnityEngine.Debug:ExtractStackTraceNoAlloc (byte*,int,string)
UnityEngine.StackTraceUtility:ExtractStackTrace ()
UnityEngine.DebugLogHandler:Internal_Log (UnityEngine.LogType,UnityEngine.LogOption,string,UnityEngine.Object)
UnityEngine.DebugLogHandler:LogFormat (UnityEngine.LogType,UnityEngine.Object,string,object[])
UnityEngine.Logger:Log (UnityEngine.LogType,object)
UnityEngine.Debug:LogWarning (object)
UnityEditor.Modules.BeeBuildPostprocessor:DefaultResultProcessor (Bee.BinLog.NodeFinishedMessage,bool,bool)
UnityEditor.Modules.BeeBuildPostprocessor:PrintStdoutOnErrorProcessor (Bee.BinLog.NodeFinishedMessage)
UnityEditor.Modules.BeeBuildPostprocessor:ReportBuildResults ()
UnityEditor.Modules.BeeBuildPostprocessor:PostProcess (UnityEditor.Modules.BuildPostProcessArgs)
UnityEditor.WebGL.WebGlBuildPostprocessor:PostProcess (UnityEditor.Modules.BuildPostProcessArgs) (at /home/bokken/build/output/unity/unity/PlatformDependent/WebGL/Extensions/Unity.WebGL.extensions/BuildPostprocessor.cs:252)
UnityEditor.Modules.BeeBuildPostprocessor:PostProcess (UnityEditor.Modules.BuildPostProcessArgs,UnityEditor.BuildProperties&)
UnityEditor.PostprocessBuildPlayer:Postprocess (UnityEditor.BuildTarget,int,string,string,string,UnityEditor.BuildOptions,UnityEditor.RuntimeClassRegistry,UnityEditor.Build.Reporting.BuildReport)
UnityEditor.BuildPipeline:BuildPlayerInternal (string[],string,string,UnityEditor.BuildTargetGroup,UnityEditor.BuildTarget,int,UnityEditor.BuildOptions,string[],string[],bool)
UnityEditor.BuildPipeline:BuildPlayer (UnityEditor.BuildPlayerOptions)
QuizBattle.EditorTools.Graphics.WebGLBuildCheck:Run () (at Assets/Editor/Graphics/WebGLBuildCheck.cs:45)

(Filename: /home/bokken/build/output/unity/unity/PlatformDependent/WebGL/Extensions/Unity.WebGL.extensions/BuildPostprocessor.cs Line: 252)

D:\game\game-client\Library\Bee\artifacts\WebGL\il2cppOutput\cpp: [Unity.TextMeshPro] - System.Void TMPro.TextMeshPro::GenerateTextMesh() - Method was given it's own cpp file because it is large and costly to compile
UnityEngine.Debug:ExtractStackTraceNoAlloc (byte*,int,string)
UnityEngine.StackTraceUtility:ExtractStackTrace ()
UnityEngine.DebugLogHandler:Internal_Log (UnityEngine.LogType,UnityEngine.LogOption,string,UnityEngine.Object)
UnityEngine.DebugLogHandler:LogFormat (UnityEngine.LogType,UnityEngine.Object,string,object[])
UnityEngine.Logger:Log (UnityEngine.LogType,object)
UnityEngine.Debug:LogWarning (object)
UnityEditor.Modules.BeeBuildPostprocessor:DefaultResultProcessor (Bee.BinLog.NodeFinishedMessage,bool,bool)
UnityEditor.Modules.BeeBuildPostprocessor:PrintStdoutOnErrorProcessor (Bee.BinLog.NodeFinishedMessage)
UnityEditor.Modules.BeeBuildPostprocessor:ReportBuildResults ()
UnityEditor.Modules.BeeBuildPostprocessor:PostProcess (UnityEditor.Modules.BuildPostProcessArgs)
UnityEditor.WebGL.WebGlBuildPostprocessor:PostProcess (UnityEditor.Modules.BuildPostProcessArgs) (at /home/bokken/build/output/unity/unity/PlatformDependent/WebGL/Extensions/Unity.WebGL.extensions/BuildPostprocessor.cs:252)
UnityEditor.Modules.BeeBuildPostprocessor:PostProcess (UnityEditor.Modules.BuildPostProcessArgs,UnityEditor.BuildProperties&)
UnityEditor.PostprocessBuildPlayer:Postprocess (UnityEditor.BuildTarget,int,string,string,string,UnityEditor.BuildOptions,UnityEditor.RuntimeClassRegistry,UnityEditor.Build.Reporting.BuildReport)
UnityEditor.BuildPipeline:BuildPlayerInternal (string[],string,string,UnityEditor.BuildTargetGroup,UnityEditor.BuildTarget,int,UnityEditor.BuildOptions,string[],string[],bool)
UnityEditor.BuildPipeline:BuildPlayer (UnityEditor.BuildPlayerOptions)
QuizBattle.EditorTools.Graphics.WebGLBuildCheck:Run () (at Assets/Editor/Graphics/WebGLBuildCheck.cs:45)

(Filename: /home/bokken/build/output/unity/unity/PlatformDependent/WebGL/Extensions/Unity.WebGL.extensions/BuildPostprocessor.cs Line: 252)

D:\game\game-client\Library\Bee\artifacts\WebGL\il2cppOutput\cpp: [Unity.TextMeshPro] - System.Void TMPro.TextMeshProUGUI::GenerateTextMesh() - Method was given it's own cpp file because it is large and costly to compile
UnityEngine.Debug:ExtractStackTraceNoAlloc (byte*,int,string)
UnityEngine.StackTraceUtility:ExtractStackTrace ()
UnityEngine.DebugLogHandler:Internal_Log (UnityEngine.LogType,UnityEngine.LogOption,string,UnityEngine.Object)
UnityEngine.DebugLogHandler:LogFormat (UnityEngine.LogType,UnityEngine.Object,string,object[])
UnityEngine.Logger:Log (UnityEngine.LogType,object)
UnityEngine.Debug:LogWarning (object)
UnityEditor.Modules.BeeBuildPostprocessor:DefaultResultProcessor (Bee.BinLog.NodeFinishedMessage,bool,bool)
UnityEditor.Modules.BeeBuildPostprocessor:PrintStdoutOnErrorProcessor (Bee.BinLog.NodeFinishedMessage)
UnityEditor.Modules.BeeBuildPostprocessor:ReportBuildResults ()
UnityEditor.Modules.BeeBuildPostprocessor:PostProcess (UnityEditor.Modules.BuildPostProcessArgs)
UnityEditor.WebGL.WebGlBuildPostprocessor:PostProcess (UnityEditor.Modules.BuildPostProcessArgs) (at /home/bokken/build/output/unity/unity/PlatformDependent/WebGL/Extensions/Unity.WebGL.extensions/BuildPostprocessor.cs:252)
UnityEditor.Modules.BeeBuildPostprocessor:PostProcess (UnityEditor.Modules.BuildPostProcessArgs,UnityEditor.BuildProperties&)
UnityEditor.PostprocessBuildPlayer:Postprocess (UnityEditor.BuildTarget,int,string,string,string,UnityEditor.BuildOptions,UnityEditor.RuntimeClassRegistry,UnityEditor.Build.Reporting.BuildReport)
UnityEditor.BuildPipeline:BuildPlayerInternal (string[],string,string,UnityEditor.BuildTargetGroup,UnityEditor.BuildTarget,int,UnityEditor.BuildOptions,string[],string[],bool)
UnityEditor.BuildPipeline:BuildPlayer (UnityEditor.BuildPlayerOptions)
QuizBattle.EditorTools.Graphics.WebGLBuildCheck:Run () (at Assets/Editor/Graphics/WebGLBuildCheck.cs:45)

(Filename: /home/bokken/build/output/unity/unity/PlatformDependent/WebGL/Extensions/Unity.WebGL.extensions/BuildPostprocessor.cs Line: 252)

[websockify wrapper] Start node and websockify.js
[websockify wrapper] Proxying from :35020 to localhost:34999
Asset Pipeline Refresh (id=27af02ab5d4b55c42be21ba2b7c5ea6d): Total: 0.263 seconds - Initiated by RefreshV2(NoUpdateAssetOptions)
[Licensing::Client] Successfully resolved entitlement details
[Licensing::Client] Successfully resolved entitlement details
Total cache size 187449023
Total cache size after purge 187449023, took 00:00:00.4781381

-------------------------------------------------------------------------------
Build Report
Information on used Assets is not available, since player data was not rebuilt.
Do a clean build to view the Asset build report information.
-------------------------------------------------------------------------------
[Licensing::Client] Successfully resolved entitlement details
Unloading 0 Unused Serialized files (Serialized files now loaded: 0)
Unloading 57 unused Assets / (0.7 MB). Loaded Objects now: 4435.
Memory consumption went from 375.9 MB to 375.2 MB.
Total: 29.268400 ms (FindLiveObjects: 0.554600 ms CreateObjectMapping: 1.197700 ms MarkObjects: 25.031000 ms  DeleteObjects: 2.482100 ms)

DisplayProgressNotification: Build Successful
Build Finished, Result: Success.
##utp:{"success":true,"type":"PlayerBuildInfo","version":2,"phase":"Immediate","time":1788474710311,"processId":5864,"steps":[{"description":"Preprocess Player","duration":1089},{"description":"Prepare For Build","duration":1},{"description":"ProducePlayerScriptAssemblies","duration":4458},{"description":"Verify Build setup","duration":477},{"description":"Prepare assets for target platform","duration":5},{"description":"Prepare splash screen","duration":2},{"description":"Run script only build","duration":87},{"description":"Build scripts DLLs","duration":38},{"description":"Postprocess built player","duration":407814}],"duration":413971}
Unloading 0 Unused Serialized files (Serialized files now loaded: 0)
Loaded scene 'Temp/__Backupscenes/0.backup'
	Deserialize:            1.040 ms
	Integration:            461.903 ms
	Integration of assets:  0.003 ms
	Thread Wait Time:       0.027 ms
	Total Operation Time:   462.973 ms
Unloading 0 unused Assets / (16.5 KB). Loaded Objects now: 4434.
Memory consumption went from 375.0 MB to 375.0 MB.
Total: 27.301900 ms (FindLiveObjects: 0.551000 ms CreateObjectMapping: 1.173600 ms MarkObjects: 25.546600 ms  DeleteObjects: 0.029200 ms)

[WebGLBuildCheck] result=Succeeded errors=0 warnings=3 size=117716100
UnityEngine.Debug:ExtractStackTraceNoAlloc (byte*,int,string)
UnityEngine.StackTraceUtility:ExtractStackTrace ()
UnityEngine.DebugLogHandler:Internal_Log (UnityEngine.LogType,UnityEngine.LogOption,string,UnityEngine.Object)
UnityEngine.DebugLogHandler:LogFormat (UnityEngine.LogType,UnityEngine.Object,string,object[])
UnityEngine.Logger:Log (UnityEngine.LogType,object)
UnityEngine.Debug:Log (object)
QuizBattle.EditorTools.Graphics.WebGLBuildCheck:Run () (at Assets/Editor/Graphics/WebGLBuildCheck.cs:47)

(Filename: Assets/Editor/Graphics/WebGLBuildCheck.cs Line: 47)

MonoPathRemapper: Attempts to remap: 34930; Successful remaps: 1714
Serialized file version minimum: 23, current 23
[websockify wrapper] Kill
[websockify wrapper] Process killed
Killing ADB server in 2.2620987 seconds.
[Physics::Module] Cleanup current backend.
[Physics::Module] Id: 0xf2b8ea05
Input System module state changed to: ShutdownInProgress.
Input Polling Thread exited.
Input System module state changed to: Shutdown.
[Licensing::IpcConnector] LicenseClient-engmh-notifications channel disconnected successfully.
[Licensing::IpcConnector] LicenseClient-engmh channel disconnected successfully.
AcceleratorClientConnectionCallback - disconnected - :0
Cleanup mono
CodeReloadManager destroyed
[websockify wrapper] Kill
Checking for leaked weakptr:
  Found no leaked weakptrs.
[Package Manager] Server process was shutdown
##utp:{"type":"MemoryLeaks","version":2,"phase":"Immediate","time":1788474716492,"processId":5864,"allocatedMemory":17394053,"memoryLabels":[{"Default":213917},{"Permanent":15516},{"NewDelete":68427},{"Thread":4205216},{"Manager":33125},{"VertexData":8},{"Geometry":816},{"Texture":24},{"Shader":848986},{"Material":24},{"GfxDevice":57368},{"Animation":952},{"Audio":1544},{"FreeType":8},{"FontEngine":736},{"Physics":2146},{"Physics2D":16},{"Serialization":504},{"Input":42840},{"JobScheduler":256},{"TextLib":280},{"Mono":48},{"MonoCode":320},{"ScriptingNativeRuntime":2340272},{"BaseObject":1622152},{"Resource":1208},{"Renderer":3080},{"Transform":4685},{"File":1032},{"WebCam":616},{"Culling":32},{"Terrain":11442},{"Wind":24},{"STL":40},{"String":13355},{"StaticString":3808},{"Utility":2673238},{"Curl":2559},{"PoolAlloc":2264},{"AI":80},{"TypeTree":25285},{"CodeReload":448},{"RuntimeInitializeOnLoadManager":64},{"Sprites":102},{"SpriteAtlas":120},{"GI":7816},{"Director":8296},{"CloudService":7064},{"WebRequest":4567},{"VR":47114},{"SceneManager":608},{"Video":64},{"LazyScriptCache":32},{"Camera":17},{"Secure":2377},{"SerializationCache":1576},{"APIUpdating":10320},{"Subsystems":336},{"VirtualTexturing":57888},{"StaticSafetyDebugInfo":278528},{"Analytics":552},{"Hierarchy":1176},{"UIElements":72},{"CoreStats":13688},{"Identifiers":6768},{"Gui":128},{"EditorUtility":117072},{"VersionControl":8},{"Undo":931},{"AssetDatabase":4571710},{"AssetImporter":40},{"EditorGi":328},{"UnityConnect":38905},{"Upm":1912},{"UpmDiagnostics":8},{"AssetCompliance":64},{"DrivenProperties":72},{"LocalIPC":211},{"ProfilerEditor":9746},{"CoreBusinessMetrics":3428},{"Windowing":456},{"Licensing":1232},{"AssetReference":32},{"IPCStream":32}]}
~StackAllocator(ALLOC_TEMP_MAIN) m_LastAlloc not NULL. Did you forget to call FreeAllStackAllocations()? To get more information, run app with -diag-temp-memory-leak-validation cmd line argument
